Info: Start Nativelink Simulation process
Info: NativeLink has detected VHDL design -- VHDL simulation models will be used

========= EDA Simulation Settings =====================

Sim Mode              :  RTL
Family                :  cyclonev
Quartus root          :  /home/rodizio/altera_lite/25.1std/quartus/linux64/
Quartus sim root      :  /home/rodizio/altera_lite/25.1std/quartus/eda/sim_lib
Simulation Tool       :  questa altera fpga
Simulation Language   :  vhdl
Version               :  93
Simulation Mode       :  GUI
Sim Output File       :  
Sim SDF file          :  
Sim dir               :  simulation/questa

=======================================================

Info: Starting NativeLink simulation with Questa Altera FPGA software
Sourced NativeLink script /home/rodizio/altera_lite/25.1std/quartus/common/tcl/internal/nativelink/modelsim.tcl
Warning: File oscilatorRing_run_msim_rtl_vhdl.do already exists - backing up current file as oscilatorRing_run_msim_rtl_vhdl.do.bak5
Info: Spawning Questa Altera FPGA Simulation software 
Info: NativeLink simulation flow was successful
