Flow report for oscilatorRing
Fri Aug 28 06:55:45 2026
Quartus Prime Version 25.1std.0 Build 1129 10/21/2025 SC Lite Edition


---------------------
; Table of Contents ;
---------------------
  1. Legal Notice
  2. Flow Summary
  3. Flow Settings
  4. Flow Non-Default Global Settings
  5. Flow Elapsed Time
  6. Flow OS Summary
  7. Flow Log
  8. Flow Messages
  9. Flow Suppressed Messages



----------------
; Legal Notice ;
----------------
Copyright (C) 2025  Altera Corporation. All rights reserved.
Your use of Altera Corporation's design tools, logic functions 
and other software and tools, and any partner logic 
functions, and any output files from any of the foregoing 
(including device programming or simulation files), and any 
associated documentation or information are expressly subject 
to the terms and conditions of the Altera Program License 
Subscription Agreement, the Altera Quartus Prime License Agreement,
the Altera IP License Agreement, or other applicable license
agreement, including, without limitation, that your use is for
the sole purpose of programming logic devices manufactured by
Altera and sold by Altera or its authorized distributors.  Please
refer to the Altera Software License Subscription Agreements 
on the Quartus Prime software download page.



+-----------------------------------------------------------------------------------+
; Flow Summary                                                                      ;
+---------------------------------+-------------------------------------------------+
; Flow Status                     ; Successful - Fri Aug 28 06:55:31 2026           ;
; Quartus Prime Version           ; 25.1std.0 Build 1129 10/21/2025 SC Lite Edition ;
; Revision Name                   ; oscilatorRing                                   ;
; Top-level Entity Name           ; top                                             ;
; Family                          ; Cyclone V                                       ;
; Device                          ; 5CEBA4F23C7                                     ;
; Timing Models                   ; Final                                           ;
; Logic utilization (in ALMs)     ; 7,631 / 18,480 ( 41 % )                         ;
; Total registers                 ; 613                                             ;
; Total pins                      ; 1 / 224 ( < 1 % )                               ;
; Total virtual pins              ; 0                                               ;
; Total block memory bits         ; 66,048 / 3,153,920 ( 2 % )                      ;
; Total DSP Blocks                ; 0 / 66 ( 0 % )                                  ;
; Total HSSI RX PCSs              ; 0                                               ;
; Total HSSI PMA RX Deserializers ; 0                                               ;
; Total HSSI TX PCSs              ; 0                                               ;
; Total HSSI PMA TX Serializers   ; 0                                               ;
; Total PLLs                      ; 0 / 4 ( 0 % )                                   ;
; Total DLLs                      ; 0 / 4 ( 0 % )                                   ;
+---------------------------------+-------------------------------------------------+


+-----------------------------------------+
; Flow Settings                           ;
+-------------------+---------------------+
; Option            ; Setting             ;
+-------------------+---------------------+
; Start date & time ; 08/28/2026 06:54:26 ;
; Main task         ; Compilation         ;
; Revision Name     ; oscilatorRing       ;
+-------------------+---------------------+


+-------------------------------------------------------------------------------------------------------------------------------------------------------------------------------------+
; Flow Non-Default Global Settings                                                                                                                                                    ;
+-------------------------------------+----------------------------------------------------------------------+---------------+--------------------+-----------------------------------+
; Assignment Name                     ; Value                                                                ; Default Value ; Entity Name        ; Section Id                        ;
+-------------------------------------+----------------------------------------------------------------------+---------------+--------------------+-----------------------------------+
; COMPILER_SIGNATURE_ID               ; 178362700990127.178791086660909                                      ; --            ; --                 ; --                                ;
; EDA_GENERATE_FUNCTIONAL_NETLIST     ; Off                                                                  ; --            ; --                 ; eda_board_design_timing           ;
; EDA_GENERATE_FUNCTIONAL_NETLIST     ; Off                                                                  ; --            ; --                 ; eda_board_design_boundary_scan    ;
; EDA_GENERATE_FUNCTIONAL_NETLIST     ; Off                                                                  ; --            ; --                 ; eda_board_design_signal_integrity ;
; EDA_GENERATE_FUNCTIONAL_NETLIST     ; Off                                                                  ; --            ; --                 ; eda_board_design_symbol           ;
; EDA_OUTPUT_DATA_FORMAT              ; None                                                                 ; --            ; --                 ; eda_simulation                    ;
; MAX_CORE_JUNCTION_TEMP              ; 85                                                                   ; --            ; --                 ; --                                ;
; MIN_CORE_JUNCTION_TEMP              ; 0                                                                    ; --            ; --                 ; --                                ;
; MISC_FILE                           ; jtag_bridge_system/synthesis/../jtag_bridge_system.cmp               ; --            ; --                 ; --                                ;
; MISC_FILE                           ; jtag_bridge_system/synthesis/../../jtag_bridge_system.qsys           ; --            ; --                 ; --                                ;
; PARTITION_COLOR                     ; -- (Not supported for targeted family)                               ; --            ; top                ; Top                               ;
; PARTITION_FITTER_PRESERVATION_LEVEL ; -- (Not supported for targeted family)                               ; --            ; top                ; Top                               ;
; PARTITION_NETLIST_TYPE              ; -- (Not supported for targeted family)                               ; --            ; top                ; Top                               ;
; POWER_BOARD_THERMAL_MODEL           ; None (CONSERVATIVE)                                                  ; --            ; --                 ; --                                ;
; POWER_PRESET_COOLING_SOLUTION       ; 23 MM HEAT SINK WITH 200 LFPM AIRFLOW                                ; --            ; --                 ; --                                ;
; PROJECT_OUTPUT_DIRECTORY            ; output_files                                                         ; --            ; --                 ; --                                ;
; SLD_FILE                            ; jtag_bridge_system/synthesis/jtag_bridge_system.debuginfo            ; --            ; --                 ; --                                ;
; SLD_INFO                            ; QSYS_NAME jtag_bridge_system HAS_SOPCINFO 1 GENERATION_ID 1787900503 ; --            ; jtag_bridge_system ; --                                ;
; SOPCINFO_FILE                       ; jtag_bridge_system/synthesis/../../jtag_bridge_system.sopcinfo       ; --            ; --                 ; --                                ;
; SYNTHESIS_ONLY_QIP                  ; On                                                                   ; --            ; --                 ; --                                ;
; TOP_LEVEL_ENTITY                    ; top                                                                  ; oscilatorRing ; --                 ; --                                ;
+-------------------------------------+----------------------------------------------------------------------+---------------+--------------------+-----------------------------------+


+--------------------------------------------------------------------------------------------------------------------------+
; Flow Elapsed Time                                                                                                        ;
+----------------------+--------------+-------------------------+---------------------+------------------------------------+
; Module Name          ; Elapsed Time ; Average Processors Used ; Peak Virtual Memory ; Total CPU Time (on all processors) ;
+----------------------+--------------+-------------------------+---------------------+------------------------------------+
; Analysis & Synthesis ; 00:00:15     ; 1.0                     ; 820 MB              ; 00:00:29                           ;
; Fitter               ; 00:00:39     ; 1.4                     ; 2386 MB             ; 00:02:12                           ;
; Assembler            ; 00:00:04     ; 1.0                     ; 779 MB              ; 00:00:04                           ;
; Timing Analyzer      ; 00:00:12     ; 2.0                     ; 1181 MB             ; 00:00:24                           ;
; Total                ; 00:01:10     ; --                      ; --                  ; 00:03:09                           ;
+----------------------+--------------+-------------------------+---------------------+------------------------------------+


+-------------------------------------------------------------------------------------+
; Flow OS Summary                                                                     ;
+----------------------+------------------+-------------+------------+----------------+
; Module Name          ; Machine Hostname ; OS Name     ; OS Version ; Processor type ;
+----------------------+------------------+-------------+------------+----------------+
; Analysis & Synthesis ; fedora           ; Fedora Core ; 42         ; x86_64         ;
; Fitter               ; fedora           ; Fedora Core ; 42         ; x86_64         ;
; Assembler            ; fedora           ; Fedora Core ; 42         ; x86_64         ;
; Timing Analyzer      ; fedora           ; Fedora Core ; 42         ; x86_64         ;
+----------------------+------------------+-------------+------------+----------------+


------------
; Flow Log ;
------------
quartus_map --read_settings_files=on --write_settings_files=off oscilatorRing -c oscilatorRing
quartus_fit --read_settings_files=off --write_settings_files=off oscilatorRing -c oscilatorRing
quartus_asm --read_settings_files=off --write_settings_files=off oscilatorRing -c oscilatorRing
quartus_sta oscilatorRing -c oscilatorRing



